Archive member included to satisfy reference by file (symbol)

./toolkit/libgcc.a(div.o)     /tmp/ccbxOn3V.ltrans0.ltrans.o (__udivsi3)

Discarded input sections

 .text          0x00000000        0x0 /tmp/ccbxOn3V.ltrans0.ltrans.o
 .data          0x00000000        0x0 /tmp/ccbxOn3V.ltrans0.ltrans.o
 .bss           0x00000000        0x0 /tmp/ccbxOn3V.ltrans0.ltrans.o
 .text._puts    0x00000000       0x40 /tmp/ccbxOn3V.ltrans0.ltrans.o
 .text.vprintf  0x00000000       0x16 /tmp/ccbxOn3V.ltrans0.ltrans.o
 .text.mini_vsnprintf
                0x00000000       0x3a /tmp/ccbxOn3V.ltrans0.ltrans.o
 .text.snprintf
                0x00000000       0x1c /tmp/ccbxOn3V.ltrans0.ltrans.o
 .text.sprintf  0x00000000       0x26 /tmp/ccbxOn3V.ltrans0.ltrans.o
 .text.strcpy   0x00000000       0x14 /tmp/ccbxOn3V.ltrans0.ltrans.o
 .text.strncpy  0x00000000       0x1c /tmp/ccbxOn3V.ltrans0.ltrans.o
 .text.strcmp   0x00000000       0x1a /tmp/ccbxOn3V.ltrans0.ltrans.o
 .text.strncmp  0x00000000       0x2e /tmp/ccbxOn3V.ltrans0.ltrans.o
 .text.strchr   0x00000000       0x30 /tmp/ccbxOn3V.ltrans0.ltrans.o
 .text.strrchr  0x00000000       0x3c /tmp/ccbxOn3V.ltrans0.ltrans.o
 .text.memcmp   0x00000000       0x20 /tmp/ccbxOn3V.ltrans0.ltrans.o
 .text.memmove  0x00000000       0x5e /tmp/ccbxOn3V.ltrans0.ltrans.o
 .text.memchr   0x00000000       0x1a /tmp/ccbxOn3V.ltrans0.ltrans.o
 .text.strnlen  0x00000000       0x2a /tmp/ccbxOn3V.ltrans0.ltrans.o
 .text.twoway_strstr
                0x00000000      0x23e /tmp/ccbxOn3V.ltrans0.ltrans.o
 .text.strstr   0x00000000      0x132 /tmp/ccbxOn3V.ltrans0.ltrans.o
 .text.setjmp   0x00000000       0x10 /tmp/ccbxOn3V.ltrans0.ltrans.o
 .text.longjmp  0x00000000       0x14 /tmp/ccbxOn3V.ltrans0.ltrans.o
 .rodata.APBAHBPrescTable.lto_priv.0
                0x00000000       0x10 /tmp/ccbxOn3V.ltrans0.ltrans.o
 .rodata.ADCPrescTable.lto_priv.0
                0x00000000       0x14 /tmp/ccbxOn3V.ltrans0.ltrans.o
 .rodata.APBAHBPrescTable.lto_priv.1
                0x00000000       0x10 /tmp/ccbxOn3V.ltrans0.ltrans.o
 .rodata.ADCPrescTable.lto_priv.1
                0x00000000       0x14 /tmp/ccbxOn3V.ltrans0.ltrans.o
 .rodata.APBAHBPrescTable.lto_priv.2
                0x00000000       0x10 /tmp/ccbxOn3V.ltrans0.ltrans.o
 .rodata.ADCPrescTable.lto_priv.2
                0x00000000       0x14 /tmp/ccbxOn3V.ltrans0.ltrans.o
 .comment       0x00000000       0x24 /tmp/ccbxOn3V.ltrans0.ltrans.o
 .comment       0x00000000       0x24 /tmp/ccR7cTa4.debug.temp.o
 .comment       0x00000000       0x24 /tmp/ccZLZGCf.debug.temp.o
 .comment       0x00000000       0x24 /tmp/cc6FuW6d.debug.temp.o
 .data          0x00000000        0x0 ./toolkit/libgcc.a(div.o)
 .bss           0x00000000        0x0 ./toolkit/libgcc.a(div.o)

Memory Configuration

Name             Origin             Length             Attributes
FLASH            0x00000000         0x00004000         xr
RAM              0x20000000         0x00000800         xrw
*default*        0x00000000         0xffffffff

Linker script and memory map

LOAD /tmp/ccfiHudZ.o
LOAD /tmp/ccbxOn3V.ltrans0.ltrans.o
LOAD /tmp/ccR7cTa4.debug.temp.o
LOAD /tmp/ccZLZGCf.debug.temp.o
LOAD /tmp/cc6FuW6d.debug.temp.o
LOAD /tmp/cctpOZF8.o
LOAD /tmp/cc77GNHD.o
LOAD ./toolkit/libgcc.a

.init           0x00000000       0xa0
                0x00000000                        _sinit = .
                0x00000000                        . = ALIGN (0x4)
 *(SORT_NONE(.init))
 .init          0x00000000       0x9e /tmp/ccbxOn3V.ltrans0.ltrans.o
                0x00000000                InterruptVectorDefault
                0x00000000                InterruptVector
                0x000000a0                        . = ALIGN (0x4)
 *fill*         0x0000009e        0x2 
                0x000000a0                        _einit = .

.text           0x000000a0      0x84c
                0x000000a0                        . = ALIGN (0x4)
 *(.text)
 .text          0x000000a0       0x7e ./toolkit/libgcc.a(div.o)
                0x000000a0                __divsi3
                0x000000a8                __hidden___udivsi3
                0x000000a8                __udivsi3
                0x000000d4                __umodsi3
                0x000000f8                __modsi3
 *(.text.*)
 .text.mini_pad
                0x0000011e       0x9c /tmp/ccbxOn3V.ltrans0.ltrans.o
 .text.PrintHex
                0x000001ba       0x54 /tmp/ccbxOn3V.ltrans0.ltrans.o
 .text.mini_itoa.part.0
                0x0000020e       0xc0 /tmp/ccbxOn3V.ltrans0.ltrans.o
 .text.flash_get_lock_state
                0x000002ce       0x1c /tmp/ccbxOn3V.ltrans0.ltrans.o
 .text.internal_handle_input.constprop.0
                0x000002ea        0xc /tmp/ccbxOn3V.ltrans0.ltrans.o
 .text._write.constprop.0
                0x000002f6       0xea /tmp/ccbxOn3V.ltrans0.ltrans.o
 .text.__puts_uart
                0x000003e0       0x14 /tmp/ccbxOn3V.ltrans0.ltrans.o
 .text.handle_reset
                0x000003f4       0x70 /tmp/ccbxOn3V.ltrans0.ltrans.o
                0x000003f4                handle_reset
 .text.vector_handler
                0x00000464       0x5a /tmp/ccbxOn3V.ltrans0.ltrans.o
                0x00000464                EXTI2_IRQHandler
                0x00000464                TIM8_TRG_COM_IRQHandler
                0x00000464                TIM8_CC_IRQHandler
                0x00000464                UART8_IRQHandler
                0x00000464                TIM1_CC_IRQHandler
                0x00000464                HardFault_Handler
                0x00000464                GPIOB_IRQHandler
                0x00000464                USBPD_IRQHandler
                0x00000464                TIM6_IRQHandler
                0x00000464                GPIOA_IRQHandler
                0x00000464                SysTick_Handler
                0x00000464                PVD_IRQHandler
                0x00000464                SDIO_IRQHandler
                0x00000464                TIM9_BRK_IRQHandler
                0x00000464                DMA2_Channel8_IRQHandler
                0x00000464                CAN2_RX1_IRQHandler
                0x00000464                EXTI3_IRQHandler
                0x00000464                UART1_IRQHandler
                0x00000464                USBHS_IRQHandler
                0x00000464                DMA2_Channel9_IRQHandler
                0x00000464                TIM10_CC_IRQHandler
                0x00000464                EXTI25_16_IRQHandler
                0x00000464                USBFS_IRQHandler
                0x00000464                UART0_IRQHandler
                0x00000464                EXTI0_IRQHandler
                0x00000464                I2C2_EV_IRQHandler
                0x00000464                TIM10_TRG_COM_IRQHandler
                0x00000464                CAN2_SCE_IRQHandler
                0x00000464                ADC1_2_IRQHandler
                0x00000464                BB_IRQHandler
                0x00000464                Break_Point_Handler
                0x00000464                TIM2_CC_IRQHandler
                0x00000464                SPI1_IRQHandler
                0x00000464                TAMPER_IRQHandler
                0x00000464                TMR0_IRQHandler
                0x00000464                AWU_IRQHandler
                0x00000464                EXTI7_0_IRQHandler
                0x00000464                CAN2_RX0_IRQHandler
                0x00000464                OSCWakeUp_IRQHandler
                0x00000464                TIM8_UP_IRQHandler
                0x00000464                Ecall_M_Mode_Handler
                0x00000464                DMA2_Channel2_IRQHandler
                0x00000464                DMA1_Channel4_IRQHandler
                0x00000464                ADC1_IRQHandler
                0x00000464                TIM2_BRK_IRQHandler
                0x00000464                TIM9_UP_IRQHandler
                0x00000464                USART3_IRQHandler
                0x00000464                RTC_IRQHandler
                0x00000464                DMA1_Channel7_IRQHandler
                0x00000464                CAN1_RX1_IRQHandler
                0x00000464                DVP_IRQHandler
                0x00000464                UART5_IRQHandler
                0x00000464                EXTI15_8_IRQHandler
                0x00000464                TIM4_IRQHandler
                0x00000464                DMA2_Channel1_IRQHandler
                0x00000464                USBPD_WKUP_IRQHandler
                0x00000464                I2C1_EV_IRQHandler
                0x00000464                UART2_IRQHandler
                0x00000464                USART4_IRQHandler
                0x00000464                PWMX_IRQHandler
                0x00000464                DMA1_Channel6_IRQHandler
                0x00000464                UART4_IRQHandler
                0x00000464                DMA2_Channel4_IRQHandler
                0x00000464                TIM3_IRQHandler
                0x00000464                RCC_IRQHandler
                0x00000464                TIM1_TRG_COM_IRQHandler
                0x00000464                DMA1_Channel1_IRQHandler
                0x00000464                DMA2_Channel7_IRQHandler
                0x00000464                EXTI15_10_IRQHandler
                0x00000464                ADC_IRQHandler
                0x00000464                DMA1_Channel8_IRQHandler
                0x00000464                TMR2_IRQHandler
                0x00000464                DefaultIRQHandler
                0x00000464                TIM7_IRQHandler
                0x00000464                CAN2_TX_IRQHandler
                0x00000464                TIM5_IRQHandler
                0x00000464                USB_IRQHandler
                0x00000464                EXTI9_5_IRQHandler
                0x00000464                PIOC_IRQHandler
                0x00000464                SPI2_IRQHandler
                0x00000464                OSC32KCal_IRQHandler
                0x00000464                I2C_IRQHandler
                0x00000464                TIM10_BRK_IRQHandler
                0x00000464                TIM9_CC_IRQHandler
                0x00000464                DMA2_Channel5_IRQHandler
                0x00000464                USBHSWakeUp_IRQHandler
                0x00000464                DMA1_Channel5_IRQHandler
                0x00000464                EXTI4_IRQHandler
                0x00000464                USB_LP_CAN1_RX0_IRQHandler
                0x00000464                RNG_IRQHandler
                0x00000464                USB_HP_CAN1_TX_IRQHandler
                0x00000464                LLE_IRQHandler
                0x00000464                DMA1_Channel3_IRQHandler
                0x00000464                FSMC_IRQHandler
                0x00000464                ETH_IRQHandler
                0x00000464                TIM1_UP_IRQHandler
                0x00000464                WWDG_IRQHandler
                0x00000464                DMA2_Channel11_IRQHandler
                0x00000464                WDOG_BAT_IRQHandler
                0x00000464                Ecall_U_Mode_Handler
                0x00000464                TMR3_IRQHandler
                0x00000464                DMA2_Channel6_IRQHandler
                0x00000464                TIM2_IRQHandler
                0x00000464                SW_Handler
                0x00000464                TIM1_BRK_IRQHandler
                0x00000464                OPA_IRQHandler
                0x00000464                DMA2_Channel10_IRQHandler
                0x00000464                EXTI1_IRQHandler
                0x00000464                SPI0_IRQHandler
                0x00000464                RTCAlarm_IRQHandler
                0x00000464                TIM10_UP_IRQHandler
                0x00000464                TIM9_TRG_COM_IRQHandler
                0x00000464                UART7_IRQHandler
                0x00000464                USART2_IRQHandler
                0x00000464                UART6_IRQHandler
                0x00000464                ETHWakeUp_IRQHandler
                0x00000464                I2C2_ER_IRQHandler
                0x00000464                DMA1_Channel2_IRQHandler
                0x00000464                TIM8_BRK_IRQHandler
                0x00000464                TIM2_TRG_IRQHandler
                0x00000464                CAN1_SCE_IRQHandler
                0x00000464                FLASH_IRQHandler
                0x00000464                USBFSWakeUp_IRQHandler
                0x00000464                USART1_IRQHandler
                0x00000464                OTG_FS_IRQHandler
                0x00000464                SPI3_IRQHandler
                0x00000464                USBFS_WakeUp_IRQHandler
                0x00000464                UART3_IRQHandler
                0x00000464                I2C1_ER_IRQHandler
                0x00000464                TMR1_IRQHandler
                0x00000464                USBWakeUp_IRQHandler
                0x00000464                DMA2_Channel3_IRQHandler
                0x000004b0                NMI_Handler
                0x000004b0                NMI_RCC_CSS_IRQHandler
 .text.strlen   0x000004be       0x12 /tmp/ccbxOn3V.ltrans0.ltrans.o
                0x000004be                strlen
 .text.mini_vpprintf
                0x000004d0      0x1b4 /tmp/ccbxOn3V.ltrans0.ltrans.o
 .text.printf   0x00000684       0x26 /tmp/ccbxOn3V.ltrans0.ltrans.o
                0x00000684                printf
 .text.memset   0x000006aa       0x12 /tmp/ccbxOn3V.ltrans0.ltrans.o
                0x000006aa                memset
 .text.memcpy   0x000006bc       0x1c /tmp/ccbxOn3V.ltrans0.ltrans.o
                0x000006bc                memcpy
 .text.puts     0x000006d8       0x2c /tmp/ccbxOn3V.ltrans0.ltrans.o
                0x000006d8                puts
 .text.putchar  0x00000704       0x68 /tmp/ccbxOn3V.ltrans0.ltrans.o
                0x00000704                putchar
 .text.SystemInit
                0x0000076c       0x62 /tmp/ccbxOn3V.ltrans0.ltrans.o
                0x0000076c                SystemInit
 .text.startup.main
                0x000007ce       0xe0 /tmp/ccbxOn3V.ltrans0.ltrans.o
                0x000007ce                main
 *(.rodata)
 *(.rodata*)
 *fill*         0x000008ae        0x2 
 .rodata.puts.str1.4
                0x000008b0       0x3b /tmp/ccbxOn3V.ltrans0.ltrans.o
                                  0x2 (size before relaxing)
 .rodata.main.str1.4
                0x000008eb       0x37 /tmp/ccbxOn3V.ltrans0.ltrans.o
 *(.gnu.linkonce.t.*)
                0x00000924                        . = ALIGN (0x4)
 *fill*         0x000008eb        0x1 

.rela.dyn       0x000008ec        0x0
 .rela.text.handle_reset
                0x000008ec        0x0 /tmp/ccbxOn3V.ltrans0.ltrans.o

.fini           0x000008ec        0x0
 *(SORT_NONE(.fini))
                0x000008ec                        . = ALIGN (0x4)
                [!provide]                        PROVIDE (_etext = .)
                [!provide]                        PROVIDE (_eitcm = .)

.preinit_array  0x000008ec        0x0
                [!provide]                        PROVIDE (__preinit_array_start = .)
 *(.preinit_array)
                [!provide]                        PROVIDE (__preinit_array_end = .)

.init_array     0x000008ec        0x0
                [!provide]                        PROVIDE (__init_array_start = .)
 *(SORT_BY_INIT_PRIORITY(.init_array.*) SORT_BY_INIT_PRIORITY(.ctors.*))
 *(.init_array EXCLUDE_FILE(*crtend?.o *crtend.o *crtbegin?.o *crtbegin.o) .ctors)
                [!provide]                        PROVIDE (__init_array_end = .)

.fini_array     0x000008ec        0x0
                [!provide]                        PROVIDE (__fini_array_start = .)
 *(SORT_BY_INIT_PRIORITY(.fini_array.*) SORT_BY_INIT_PRIORITY(.dtors.*))
 *(.fini_array EXCLUDE_FILE(*crtend?.o *crtend.o *crtbegin?.o *crtbegin.o) .dtors)
                [!provide]                        PROVIDE (__fini_array_end = .)

.ctors
 *crtbegin.o(.ctors)
 *crtbegin?.o(.ctors)
 *(EXCLUDE_FILE(*crtend?.o *crtend.o) .ctors)
 *(SORT_BY_NAME(.ctors.*))
 *(.ctors)

.dtors
 *crtbegin.o(.dtors)
 *crtbegin?.o(.dtors)
 *(EXCLUDE_FILE(*crtend?.o *crtend.o) .dtors)
 *(SORT_BY_NAME(.dtors.*))
 *(.dtors)

.dalign         0x20000000        0x0 load address 0x000008ec
                0x20000000                        . = ALIGN (0x4)
                0x20000000                        PROVIDE (_data_vma = .)

.dlalign        0x000008ec        0x0
                0x000008ec                        . = ALIGN (0x4)
                0x000008ec                        PROVIDE (_data_lma = .)

.data           0x20000000        0x0 load address 0x000008ec
                0x20000000                        . = ALIGN (0x4)
                0x200003fc                        __global_pointer$ = (. + 0x3fc)
 *(.gnu.linkonce.r.*)
 *(.data .data.*)
 *(.gnu.linkonce.d.*)
                0x20000000                        . = ALIGN (0x8)
 *(.sdata .sdata.*)
 *(.sdata2*)
 *(.gnu.linkonce.s.*)
                0x20000000                        . = ALIGN (0x8)
 *(.srodata.cst16)
 *(.srodata.cst8)
 *(.srodata.cst4)
 *(.srodata.cst2)
 *(.srodata .srodata.*)
                0x20000000                        . = ALIGN (0x4)
                0x20000000                        PROVIDE (_edata = .)

.bss            0x20000000        0x0 load address 0x000008ec
                0x20000000                        . = ALIGN (0x4)
                0x20000000                        PROVIDE (_sbss = .)
 *(.sbss*)
 *(.gnu.linkonce.sb.*)
 *(.bss*)
 *(.gnu.linkonce.b.*)
 *(COMMON*)
                0x20000000                        . = ALIGN (0x4)
                0x20000000                        PROVIDE (_ebss = .)
                [!provide]                        PROVIDE (_end = _ebss)
                [!provide]                        PROVIDE (end = .)
                0x20000800                        PROVIDE (_eusrstack = (ORIGIN (RAM) + LENGTH (RAM)))

/DISCARD/
 *(.note .note.*)
 *(.eh_frame .eh_frame.*)
 *(.comment .comment.*)
 *(.ARM.extab* .gnu.linkonce.armextab.*)
 *(.ARM.exidx*)
OUTPUT(build/lib_flash_demo.elf elf32-littleriscv)

.riscv.attributes
                0x00000000       0x2e
 .riscv.attributes
                0x00000000       0x2e /tmp/ccbxOn3V.ltrans0.ltrans.o
 .riscv.attributes
                0x0000002e       0x1f ./toolkit/libgcc.a(div.o)

.debug_info     0x00000000     0x27af
 .debug_info    0x00000000     0x1177 /tmp/ccbxOn3V.ltrans0.ltrans.o
 .debug_info    0x00001177     0x10a1 /tmp/ccR7cTa4.debug.temp.o
                0x00001177                ch32fun.c.fdf1bc20
 .debug_info    0x00002218      0x224 /tmp/ccZLZGCf.debug.temp.o
                0x00002218                lib_flash_demo.c.3935eaa0
 .debug_info    0x0000243c      0x316 /tmp/cc6FuW6d.debug.temp.o
                0x0000243c                lib_flash.c.f1ba3d63
 .debug_info    0x00002752       0x5d ./toolkit/libgcc.a(div.o)

.debug_abbrev   0x00000000      0x6c9
 .debug_abbrev  0x00000000      0x1be /tmp/ccbxOn3V.ltrans0.ltrans.o
 .debug_abbrev  0x000001be      0x259 /tmp/ccR7cTa4.debug.temp.o
 .debug_abbrev  0x00000417      0x150 /tmp/ccZLZGCf.debug.temp.o
 .debug_abbrev  0x00000567      0x13a /tmp/cc6FuW6d.debug.temp.o
 .debug_abbrev  0x000006a1       0x28 ./toolkit/libgcc.a(div.o)

.debug_loclists
                0x00000000     0x14f5
 .debug_loclists
                0x00000000     0x14f5 /tmp/ccbxOn3V.ltrans0.ltrans.o

.debug_aranges  0x00000000      0x170
 .debug_aranges
                0x00000000      0x150 /tmp/ccbxOn3V.ltrans0.ltrans.o
 .debug_aranges
                0x00000150       0x20 ./toolkit/libgcc.a(div.o)

.debug_rnglists
                0x00000000      0x1d0
 .debug_rnglists
                0x00000000      0x1d0 /tmp/ccbxOn3V.ltrans0.ltrans.o

.debug_line     0x00000000     0x2aee
 .debug_line    0x00000000     0x284c /tmp/ccbxOn3V.ltrans0.ltrans.o
 .debug_line    0x0000284c       0x72 /tmp/ccR7cTa4.debug.temp.o
 .debug_line    0x000028be       0x71 /tmp/ccZLZGCf.debug.temp.o
 .debug_line    0x0000292f       0x6c /tmp/cc6FuW6d.debug.temp.o
 .debug_line    0x0000299b      0x153 ./toolkit/libgcc.a(div.o)

.debug_str      0x00000000      0x965
 .debug_str     0x00000000      0x965 /tmp/ccbxOn3V.ltrans0.ltrans.o
                                0x17a (size before relaxing)
 .debug_str     0x00000965      0x6c0 /tmp/ccR7cTa4.debug.temp.o
 .debug_str     0x00000965      0x25c /tmp/ccZLZGCf.debug.temp.o
 .debug_str     0x00000965      0x325 /tmp/cc6FuW6d.debug.temp.o
 .debug_str     0x00000965       0xd9 ./toolkit/libgcc.a(div.o)

.debug_line_str
                0x00000000      0x21e
 .debug_line_str
                0x00000000      0x21e /tmp/ccbxOn3V.ltrans0.ltrans.o
                                 0xe6 (size before relaxing)
 .debug_line_str
                0x0000021e      0x141 /tmp/ccR7cTa4.debug.temp.o
 .debug_line_str
                0x0000021e      0x149 /tmp/ccZLZGCf.debug.temp.o
 .debug_line_str
                0x0000021e      0x136 /tmp/cc6FuW6d.debug.temp.o
 .debug_line_str
                0x0000021e       0x92 ./toolkit/libgcc.a(div.o)

.debug_frame    0x00000000      0x3dc
 .debug_frame   0x00000000      0x3dc /tmp/ccbxOn3V.ltrans0.ltrans.o
